// Vitest Snapshot v1, https://vitest.dev/guide/snapshot.html

exports[`InputField > should render the DropdownTop component 1`] = `
{
  "asFragment": [Function],
  "baseElement": <body>
    <div>
      <div
        class="space-y-2 h-full w-full"
      >
        <div
          aria-describedby=":r0:-form-item-description"
          aria-invalid="false"
          class="inline-flex items-start justify-start gap-2 self-stretch"
          id=":r0:-form-item"
        >
          <button
            aria-checked="false"
            class="peer h-4 w-4 shrink-0 rounded-sm border border-slate-900 shadow focus-visible:outline-none focus-visible:ring-1 focus-visible:ring-slate-950 disabled:cursor-not-allowed disabled:opacity-50 data-[state=checked]:bg-slate-900 data-[state=checked]:text-slate-50 dark:border-slate-800 dark:focus-visible:ring-slate-300 dark:data-[state=checked]:bg-slate-50 dark:data-[state=checked]:text-slate-900"
            data-state="unchecked"
            id="date"
            role="checkbox"
            type="button"
            value=""
          />
          <label
            class="peer-disabled:cursor-not-allowed peer-disabled:opacity-70 text-sm font-semibold leading-none text-gray-400"
            for="date"
          />
        </div>
      </div>
    </div>
  </body>,
  "container": <div>
    <div
      class="space-y-2 h-full w-full"
    >
      <div
        aria-describedby=":r0:-form-item-description"
        aria-invalid="false"
        class="inline-flex items-start justify-start gap-2 self-stretch"
        id=":r0:-form-item"
      >
        <button
          aria-checked="false"
          class="peer h-4 w-4 shrink-0 rounded-sm border border-slate-900 shadow focus-visible:outline-none focus-visible:ring-1 focus-visible:ring-slate-950 disabled:cursor-not-allowed disabled:opacity-50 data-[state=checked]:bg-slate-900 data-[state=checked]:text-slate-50 dark:border-slate-800 dark:focus-visible:ring-slate-300 dark:data-[state=checked]:bg-slate-50 dark:data-[state=checked]:text-slate-900"
          data-state="unchecked"
          id="date"
          role="checkbox"
          type="button"
          value=""
        />
        <label
          class="peer-disabled:cursor-not-allowed peer-disabled:opacity-70 text-sm font-semibold leading-none text-gray-400"
          for="date"
        />
      </div>
    </div>
  </div>,
  "debug": [Function],
  "findAllByAltText": [Function],
  "findAllByDisplayValue": [Function],
  "findAllByLabelText": [Function],
  "findAllByPlaceholderText": [Function],
  "findAllByRole": [Function],
  "findAllByTestId": [Function],
  "findAllByText": [Function],
  "findAllByTitle": [Function],
  "findByAltText": [Function],
  "findByDisplayValue": [Function],
  "findByLabelText": [Function],
  "findByPlaceholderText": [Function],
  "findByRole": [Function],
  "findByTestId": [Function],
  "findByText": [Function],
  "findByTitle": [Function],
  "getAllByAltText": [Function],
  "getAllByDisplayValue": [Function],
  "getAllByLabelText": [Function],
  "getAllByPlaceholderText": [Function],
  "getAllByRole": [Function],
  "getAllByTestId": [Function],
  "getAllByText": [Function],
  "getAllByTitle": [Function],
  "getByAltText": [Function],
  "getByDisplayValue": [Function],
  "getByLabelText": [Function],
  "getByPlaceholderText": [Function],
  "getByRole": [Function],
  "getByTestId": [Function],
  "getByText": [Function],
  "getByTitle": [Function],
  "queryAllByAltText": [Function],
  "queryAllByDisplayValue": [Function],
  "queryAllByLabelText": [Function],
  "queryAllByPlaceholderText": [Function],
  "queryAllByRole": [Function],
  "queryAllByTestId": [Function],
  "queryAllByText": [Function],
  "queryAllByTitle": [Function],
  "queryByAltText": [Function],
  "queryByDisplayValue": [Function],
  "queryByLabelText": [Function],
  "queryByPlaceholderText": [Function],
  "queryByRole": [Function],
  "queryByTestId": [Function],
  "queryByText": [Function],
  "queryByTitle": [Function],
  "rerender": [Function],
  "unmount": [Function],
}
`;
